# exercice2
PS C:\Users\boung\OneDrive\Bureau\tp2> git init
Reinitialized existing Git repository in C:/Users/boung/OneDrive/Bureau/tp2/.git/
PS C:\Users\boung\OneDrive\Bureau\tp2> git add .
PS C:\Users\boung\OneDrive\Bureau\tp2> git commit -m "exo2 commit 1"
[master (root-commit) f77a9cb] exo2 commit 1
 1 file changed, 1 insertion(+)
 create mode 100644 exo2.txt
PS C:\Users\boung\OneDrive\Bureau\tp2> git remote add origin https://github.com/MatthieuVhl/exercice2.git
>>  git branch -M main 
>> git push -u origin main
Enumerating objects: 3, done.
Writing objects: 100% (3/3), 212 bytes | 212.00 KiB/s, done.
Writing objects: 100% (3/3), 212 bytes | 212.00 KiB/s, done.
Total 3 (delta 0), reused 0 (delta 0), pack-reused 0
To https://github.com/MatthieuVhl/exercice2.git
 * [new branch]      main -> main
branch 'main' set up to track 'origin/main'.PS C:\Users\boung\OneDrive\Bureau\tp2> git clone https://gitlab.com/mohamed.formation.m2I/m2iformation_exo.git
Cloning into 'm2iformation_exo'...
remote: Enumerating objects: 4, done.
remote: Counting objects: 100% (4/4), done.
remote: Compressing objects: 100% (4/4), done.
remote: Total 4 (delta 0), reused 0 (delta 0), pack-reused 0
Receiving objects: 100% (4/4), done.
PS C:\Users\boung\OneDrive\Bureau\tp2> git commit -m "modification de l'index"
On branch main
Your branch is up to date with 'origin/main'.

Untracked files:
  (use "git add <file>..." to include in what will be committed)
        m2iformation_exo/

nothing added to commit but untracked files present (use "git add" to track)
PS C:\Users\boung\OneDrive\Bureau\tp2> git add . 
warning: adding embedded git repository: m2iformation_exo
hint: You've added another git repository inside your current repository.
hint: Clones of the outer repository will not contain the contents of
hint: the embedded repository and will not know how to obtain it.
hint: If you meant to add a submodule, use:
hint:
hint:   git submodule add <url> m2iformation_exo
hint:
hint: If you added this path by mistake, you can remove it from the
hint: index with:
hint:
hint:   git rm --cached m2iformation_exo
hint:
hint: See "git help submodule" for more information.
PS C:\Users\boung\OneDrive\Bureau\tp2> git commit -m "modification de l'index"
[main bfb0182] modification de l'index
 1 file changed, 1 insertion(+)
 create mode 160000 m2iformation_exo
PS C:\Users\boung\OneDrive\Bureau\tp2> git push
Enumerating objects: 3, done.
Counting objects: 100% (3/3), done.
Delta compression using up to 8 threads
Compressing objects: 100% (2/2), done.
Writing objects: 100% (2/2), 279 bytes | 279.00 KiB/s, done.
Total 2 (delta 0), reused 0 (delta 0), pack-reused 0
To https://github.com/MatthieuVhl/exercice2.git
   f77a9cb..bfb0182  main -> main
PS C:\Users\boung\OneDrive\Bureau\tp2> 
